Test run for C:\Users\DELL\Documents\cse-212-ww-student-template\week02\code\bin\Debug\net8.0\code.dll (.NETCoreApp,Version=v8.0)
VSTest version 18.0.1 (x64)

Starting test execution, please wait...
A total of 1 test files matched the specified pattern.
  Failed TestPriorityQueue_1 [147 ms]
  Error Message:
   Assert.Fail failed. Implement the test case and then remove this.
  Stack Trace:
     at PriorityQueueTests.TestPriorityQueue_1() in C:\Users\DELL\Documents\cse-212-ww-student-template\week02\code\PriorityQueue_Tests.cs:line 15
   at System.RuntimeMethodHandle.InvokeMethod(Object target, Void** arguments, Signature sig, Boolean isConstructor)
   at System.Reflection.MethodBaseInvoker.InvokeWithNoArgs(Object obj, BindingFlags invokeAttr)

  Failed TestPriorityQueue_2 [< 1 ms]
  Error Message:
   Assert.Fail failed. Implement the test case and then remove this.
  Stack Trace:
     at PriorityQueueTests.TestPriorityQueue_2() in C:\Users\DELL\Documents\cse-212-ww-student-template\week02\code\PriorityQueue_Tests.cs:line 25
   at System.RuntimeMethodHandle.InvokeMethod(Object target, Void** arguments, Signature sig, Boolean isConstructor)
   at System.Reflection.MethodBaseInvoker.InvokeWithNoArgs(Object obj, BindingFlags invokeAttr)

  Failed TestTakingTurnsQueue_FiniteRepetition [3 ms]
  Error Message:
   Assert.AreEqual failed. Expected:<Tim>. Actual:<Bob>. 
  Stack Trace:
     at TakingTurnsQueueTests.TestTakingTurnsQueue_FiniteRepetition() in C:\Users\DELL\Documents\cse-212-ww-student-template\week02\code\TakingTurnsQueue_Tests.cs:line 37
   at System.RuntimeMethodHandle.InvokeMethod(Object target, Void** arguments, Signature sig, Boolean isConstructor)
   at System.Reflection.MethodBaseInvoker.InvokeWithNoArgs(Object obj, BindingFlags invokeAttr)

  Failed TestTakingTurnsQueue_AddPlayerMidway [< 1 ms]
  Error Message:
   Assert.AreEqual failed. Expected:<Tim>. Actual:<Bob>. 
  Stack Trace:
     at TakingTurnsQueueTests.TestTakingTurnsQueue_AddPlayerMidway() in C:\Users\DELL\Documents\cse-212-ww-student-template\week02\code\TakingTurnsQueue_Tests.cs:line 78
   at System.RuntimeMethodHandle.InvokeMethod(Object target, Void** arguments, Signature sig, Boolean isConstructor)
   at System.Reflection.MethodBaseInvoker.InvokeWithNoArgs(Object obj, BindingFlags invokeAttr)

  Failed TestTakingTurnsQueue_ForeverZero [< 1 ms]
  Error Message:
   Assert.AreEqual failed. Expected:<Tim>. Actual:<Sue>. 
  Stack Trace:
     at TakingTurnsQueueTests.TestTakingTurnsQueue_ForeverZero() in C:\Users\DELL\Documents\cse-212-ww-student-template\week02\code\TakingTurnsQueue_Tests.cs:line 107
   at System.RuntimeMethodHandle.InvokeMethod(Object target, Void** arguments, Signature sig, Boolean isConstructor)
   at System.Reflection.MethodBaseInvoker.InvokeWithNoArgs(Object obj, BindingFlags invokeAttr)

  Failed TestTakingTurnsQueue_ForeverNegative [< 1 ms]
  Error Message:
   Assert.AreEqual failed. Expected:<Tim>. Actual:<Sue>. 
  Stack Trace:
     at TakingTurnsQueueTests.TestTakingTurnsQueue_ForeverNegative() in C:\Users\DELL\Documents\cse-212-ww-student-template\week02\code\TakingTurnsQueue_Tests.cs:line 135
   at System.RuntimeMethodHandle.InvokeMethod(Object target, Void** arguments, Signature sig, Boolean isConstructor)
   at System.Reflection.MethodBaseInvoker.InvokeWithNoArgs(Object obj, BindingFlags invokeAttr)


Failed!  - Failed:     6, Passed:     1, Skipped:     0, Total:     7, Duration: 197 ms - code.dll (net8.0)
